Archive member included to satisfy reference by file (symbol)

c:/program files/microchip/xc8/v2.36/avr/bin/../lib/gcc/avr/5.4.0/avr5/memx-const\libgcc.a(_copy_data.o)
                              EXTI_program.o (__do_clear_bss)
c:/program files/microchip/xc8/v2.36/avr/bin/../lib/gcc/avr/5.4.0/avr5/memx-const\libgcc.a(_umulhisi3.o)
                              LCD_program.o (__umulhisi3)
c:/program files/microchip/xc8/v2.36/avr/bin/../lib/gcc/avr/5.4.0/../../../../avr/lib/avr5/memx-const\libc.a(exit.o)
                              C:/Program Files (x86)/Atmel/Studio/7.0/Packs/atmel/ATmega_DFP/1.7.374/xc8/avr/lib/avr5/memx-const/crtatmega32.o (exit)
c:/program files/microchip/xc8/v2.36/avr/bin/../lib/gcc/avr/5.4.0/../../../../avr/lib/avr5/memx-const\libc.a(_Exit.o)
                              c:/program files/microchip/xc8/v2.36/avr/bin/../lib/gcc/avr/5.4.0/../../../../avr/lib/avr5/memx-const\libc.a(exit.o) (_Exit)
c:/program files/microchip/xc8/v2.36/avr/bin/../lib/gcc/avr/5.4.0/avr5/memx-const\libgcc.a(_exit.o)
                              c:/program files/microchip/xc8/v2.36/avr/bin/../lib/gcc/avr/5.4.0/../../../../avr/lib/avr5/memx-const\libc.a(_Exit.o) (_exit)

Allocating common symbols
Common symbol       size              file

data                0x1               main.o

Discarded input sections

 .data          0x0000000000000000        0x0 C:/Program Files (x86)/Atmel/Studio/7.0/Packs/atmel/ATmega_DFP/1.7.374/xc8/avr/lib/avr5/memx-const/crtatmega32.o
 .bss           0x0000000000000000        0x0 C:/Program Files (x86)/Atmel/Studio/7.0/Packs/atmel/ATmega_DFP/1.7.374/xc8/avr/lib/avr5/memx-const/crtatmega32.o
 .text          0x0000000000000000        0x0 DIO_program.o
 .data          0x0000000000000000        0x0 DIO_program.o
 .bss           0x0000000000000000        0x0 DIO_program.o
 .text.DIO_u8GetPinValue
                0x0000000000000000       0x6c DIO_program.o
 .text          0x0000000000000000        0x0 EXTI_program.o
 .data          0x0000000000000000        0x0 EXTI_program.o
 .bss           0x0000000000000000        0x0 EXTI_program.o
 .text.EXTI0_SetCallBack
                0x0000000000000000        0xa EXTI_program.o
 .text.GIE_voidInterruptEnable
                0x0000000000000000        0x8 EXTI_program.o
 .text.GIE_voidInterruptDisable
                0x0000000000000000        0x8 EXTI_program.o
 .text.EXTI0_voidInit
                0x0000000000000000       0x1a EXTI_program.o
 .text.EXTI0_voidEnableInterrupt
                0x0000000000000000        0x8 EXTI_program.o
 .text.EXTI0_voidDisableInterrupt
                0x0000000000000000        0x8 EXTI_program.o
 .text          0x0000000000000000        0x0 LCD_program.o
 .data          0x0000000000000000        0x0 LCD_program.o
 .bss           0x0000000000000000        0x0 LCD_program.o
 .text.LCD_voidWriteData
                0x0000000000000000       0x50 LCD_program.o
 .text.LCD_cursor_shift_right
                0x0000000000000000        0x8 LCD_program.o
 .text.LCD_set_xy
                0x0000000000000000       0x30 LCD_program.o
 .text.LCD_clear
                0x0000000000000000        0x8 LCD_program.o
 .text.LCD_print_string
                0x0000000000000000       0x36 LCD_program.o
 .text.LCD_write_num
                0x0000000000000000       0xe6 LCD_program.o
 .text          0x0000000000000000        0x0 main.o
 .data          0x0000000000000000        0x0 main.o
 .bss           0x0000000000000000        0x0 main.o
 COMMON         0x0000000000000000        0x1 main.o
 .text          0x0000000000000000        0x0 SPI_prog.o
 .data          0x0000000000000000        0x0 SPI_prog.o
 .bss           0x0000000000000000        0x0 SPI_prog.o
 .text.SPI_initMaster
                0x0000000000000000       0x42 SPI_prog.o
 .text.SPI_recieveByte
                0x0000000000000000        0x8 SPI_prog.o
 .text          0x0000000000000000        0x0 Timer_prog.o
 .data          0x0000000000000000        0x0 Timer_prog.o
 .bss           0x0000000000000000        0x0 Timer_prog.o
 .text.Timer_Counter_Init
                0x0000000000000000       0x3c Timer_prog.o
 .bss.time_counter
                0x0000000000000000        0x2 Timer_prog.o
 .bss.ISR_Counter
                0x0000000000000000        0x2 Timer_prog.o
 .text          0x0000000000000000        0x0 UART_prog.o
 .data          0x0000000000000000        0x0 UART_prog.o
 .bss           0x0000000000000000        0x0 UART_prog.o
 .text.UART_SendByte
                0x0000000000000000        0x8 UART_prog.o
 .text.UART_RecieveByte
                0x0000000000000000        0x8 UART_prog.o
 .text          0x0000000000000000        0x0 c:/program files/microchip/xc8/v2.36/avr/bin/../lib/gcc/avr/5.4.0/avr5/memx-const\libgcc.a(_copy_data.o)
 .data          0x0000000000000000        0x0 c:/program files/microchip/xc8/v2.36/avr/bin/../lib/gcc/avr/5.4.0/avr5/memx-const\libgcc.a(_copy_data.o)
 .bss           0x0000000000000000        0x0 c:/program files/microchip/xc8/v2.36/avr/bin/../lib/gcc/avr/5.4.0/avr5/memx-const\libgcc.a(_copy_data.o)
 .text.libgcc.mul
                0x0000000000000000        0x0 c:/program files/microchip/xc8/v2.36/avr/bin/../lib/gcc/avr/5.4.0/avr5/memx-const\libgcc.a(_copy_data.o)
 .text.libgcc.div
                0x0000000000000000        0x0 c:/program files/microchip/xc8/v2.36/avr/bin/../lib/gcc/avr/5.4.0/avr5/memx-const\libgcc.a(_copy_data.o)
 .text.libgcc   0x0000000000000000        0x0 c:/program files/microchip/xc8/v2.36/avr/bin/../lib/gcc/avr/5.4.0/avr5/memx-const\libgcc.a(_copy_data.o)
 .text.libgcc.prologue
                0x0000000000000000        0x0 c:/program files/microchip/xc8/v2.36/avr/bin/../lib/gcc/avr/5.4.0/avr5/memx-const\libgcc.a(_copy_data.o)
 .text.libgcc.builtins
                0x0000000000000000        0x0 c:/program files/microchip/xc8/v2.36/avr/bin/../lib/gcc/avr/5.4.0/avr5/memx-const\libgcc.a(_copy_data.o)
 .text.libgcc.fmul
                0x0000000000000000        0x0 c:/program files/microchip/xc8/v2.36/avr/bin/../lib/gcc/avr/5.4.0/avr5/memx-const\libgcc.a(_copy_data.o)
 .text.libgcc.fixed
                0x0000000000000000        0x0 c:/program files/microchip/xc8/v2.36/avr/bin/../lib/gcc/avr/5.4.0/avr5/memx-const\libgcc.a(_copy_data.o)
 .text          0x0000000000000000        0x0 c:/program files/microchip/xc8/v2.36/avr/bin/../lib/gcc/avr/5.4.0/avr5/memx-const\libgcc.a(_umulhisi3.o)
 .data          0x0000000000000000        0x0 c:/program files/microchip/xc8/v2.36/avr/bin/../lib/gcc/avr/5.4.0/avr5/memx-const\libgcc.a(_umulhisi3.o)
 .bss           0x0000000000000000        0x0 c:/program files/microchip/xc8/v2.36/avr/bin/../lib/gcc/avr/5.4.0/avr5/memx-const\libgcc.a(_umulhisi3.o)
 .text.libgcc.mul
                0x0000000000000000       0x1e c:/program files/microchip/xc8/v2.36/avr/bin/../lib/gcc/avr/5.4.0/avr5/memx-const\libgcc.a(_umulhisi3.o)
 .stack.descriptors.hdr
                0x0000000000000000        0xe c:/program files/microchip/xc8/v2.36/avr/bin/../lib/gcc/avr/5.4.0/avr5/memx-const\libgcc.a(_umulhisi3.o)
 .stack.descriptors
                0x0000000000000000       0x19 c:/program files/microchip/xc8/v2.36/avr/bin/../lib/gcc/avr/5.4.0/avr5/memx-const\libgcc.a(_umulhisi3.o)
 .text.libgcc.div
                0x0000000000000000        0x0 c:/program files/microchip/xc8/v2.36/avr/bin/../lib/gcc/avr/5.4.0/avr5/memx-const\libgcc.a(_umulhisi3.o)
 .text.libgcc   0x0000000000000000        0x0 c:/program files/microchip/xc8/v2.36/avr/bin/../lib/gcc/avr/5.4.0/avr5/memx-const\libgcc.a(_umulhisi3.o)
 .text.libgcc.prologue
                0x0000000000000000        0x0 c:/program files/microchip/xc8/v2.36/avr/bin/../lib/gcc/avr/5.4.0/avr5/memx-const\libgcc.a(_umulhisi3.o)
 .text.libgcc.builtins
                0x0000000000000000        0x0 c:/program files/microchip/xc8/v2.36/avr/bin/../lib/gcc/avr/5.4.0/avr5/memx-const\libgcc.a(_umulhisi3.o)
 .text.libgcc.fmul
                0x0000000000000000        0x0 c:/program files/microchip/xc8/v2.36/avr/bin/../lib/gcc/avr/5.4.0/avr5/memx-const\libgcc.a(_umulhisi3.o)
 .text.libgcc.fixed
                0x0000000000000000        0x0 c:/program files/microchip/xc8/v2.36/avr/bin/../lib/gcc/avr/5.4.0/avr5/memx-const\libgcc.a(_umulhisi3.o)
 .text          0x0000000000000000        0x0 c:/program files/microchip/xc8/v2.36/avr/bin/../lib/gcc/avr/5.4.0/../../../../avr/lib/avr5/memx-const\libc.a(exit.o)
 .data          0x0000000000000000        0x0 c:/program files/microchip/xc8/v2.36/avr/bin/../lib/gcc/avr/5.4.0/../../../../avr/lib/avr5/memx-const\libc.a(exit.o)
 .bss           0x0000000000000000        0x0 c:/program files/microchip/xc8/v2.36/avr/bin/../lib/gcc/avr/5.4.0/../../../../avr/lib/avr5/memx-const\libc.a(exit.o)
 .text          0x0000000000000000        0x0 c:/program files/microchip/xc8/v2.36/avr/bin/../lib/gcc/avr/5.4.0/../../../../avr/lib/avr5/memx-const\libc.a(_Exit.o)
 .data          0x0000000000000000        0x0 c:/program files/microchip/xc8/v2.36/avr/bin/../lib/gcc/avr/5.4.0/../../../../avr/lib/avr5/memx-const\libc.a(_Exit.o)
 .bss           0x0000000000000000        0x0 c:/program files/microchip/xc8/v2.36/avr/bin/../lib/gcc/avr/5.4.0/../../../../avr/lib/avr5/memx-const\libc.a(_Exit.o)
 .text          0x0000000000000000        0x0 c:/program files/microchip/xc8/v2.36/avr/bin/../lib/gcc/avr/5.4.0/avr5/memx-const\libgcc.a(_exit.o)
 .data          0x0000000000000000        0x0 c:/program files/microchip/xc8/v2.36/avr/bin/../lib/gcc/avr/5.4.0/avr5/memx-const\libgcc.a(_exit.o)
 .bss           0x0000000000000000        0x0 c:/program files/microchip/xc8/v2.36/avr/bin/../lib/gcc/avr/5.4.0/avr5/memx-const\libgcc.a(_exit.o)
 .text.libgcc.mul
                0x0000000000000000        0x0 c:/program files/microchip/xc8/v2.36/avr/bin/../lib/gcc/avr/5.4.0/avr5/memx-const\libgcc.a(_exit.o)
 .text.libgcc.div
                0x0000000000000000        0x0 c:/program files/microchip/xc8/v2.36/avr/bin/../lib/gcc/avr/5.4.0/avr5/memx-const\libgcc.a(_exit.o)
 .text.libgcc   0x0000000000000000        0x0 c:/program files/microchip/xc8/v2.36/avr/bin/../lib/gcc/avr/5.4.0/avr5/memx-const\libgcc.a(_exit.o)
 .text.libgcc.prologue
                0x0000000000000000        0x0 c:/program files/microchip/xc8/v2.36/avr/bin/../lib/gcc/avr/5.4.0/avr5/memx-const\libgcc.a(_exit.o)
 .stack.descriptors
                0x0000000000000000       0x13 c:/program files/microchip/xc8/v2.36/avr/bin/../lib/gcc/avr/5.4.0/avr5/memx-const\libgcc.a(_exit.o)
 .text.libgcc.builtins
                0x0000000000000000        0x0 c:/program files/microchip/xc8/v2.36/avr/bin/../lib/gcc/avr/5.4.0/avr5/memx-const\libgcc.a(_exit.o)
 .text.libgcc.fmul
                0x0000000000000000        0x0 c:/program files/microchip/xc8/v2.36/avr/bin/../lib/gcc/avr/5.4.0/avr5/memx-const\libgcc.a(_exit.o)
 .text.libgcc.fixed
                0x0000000000000000        0x0 c:/program files/microchip/xc8/v2.36/avr/bin/../lib/gcc/avr/5.4.0/avr5/memx-const\libgcc.a(_exit.o)

Memory Configuration

Name             Origin             Length             Attributes
text             0x0000000000000000 0x0000000000008000 xr
data             0x0000000000800060 0x0000000000000800 rw !x
eeprom           0x0000000000810000 0x0000000000000400 rw !x
fuse             0x0000000000820000 0x0000000000000002 rw !x
lock             0x0000000000830000 0x0000000000000400 rw !x
signature        0x0000000000840000 0x0000000000000400 rw !x
user_signatures  0x0000000000850000 0x0000000000000400 rw !x
*default*        0x0000000000000000 0xffffffffffffffff

Linker script and memory map

LOAD C:/Program Files (x86)/Atmel/Studio/7.0/Packs/atmel/ATmega_DFP/1.7.374/xc8/avr/lib/avr5/memx-const/crtatmega32.o
LOAD DIO_program.o
LOAD EXTI_program.o
LOAD LCD_program.o
LOAD main.o
LOAD SPI_prog.o
LOAD Timer_prog.o
LOAD UART_prog.o
START GROUP
LOAD c:/program files/microchip/xc8/v2.36/avr/bin/../lib/gcc/avr/5.4.0/../../../../avr/lib/avr5/memx-const\libm.a
END GROUP
START GROUP
LOAD c:/program files/microchip/xc8/v2.36/avr/bin/../lib/gcc/avr/5.4.0/avr5/memx-const\libgcc.a
LOAD c:/program files/microchip/xc8/v2.36/avr/bin/../lib/gcc/avr/5.4.0/../../../../avr/lib/avr5/memx-const\libm.a
LOAD c:/program files/microchip/xc8/v2.36/avr/bin/../lib/gcc/avr/5.4.0/../../../../avr/lib/avr5/memx-const\libc.a
LOAD C:/Program Files (x86)/Atmel/Studio/7.0/Packs/atmel/ATmega_DFP/1.7.374/xc8/avr/lib/avr5/memx-const\libatmega32.a
END GROUP
                0x0000000000000000                __TEXT_REGION_ORIGIN__ = DEFINED (__TEXT_REGION_ORIGIN__)?__TEXT_REGION_ORIGIN__:0x0
                [0x0000000000800060]                __DATA_REGION_ORIGIN__ = DEFINED (__DATA_REGION_ORIGIN__)?__DATA_REGION_ORIGIN__:0x800060
                [0x0000000000008000]                __TEXT_REGION_LENGTH__ = DEFINED (__TEXT_REGION_LENGTH__)?__TEXT_REGION_LENGTH__:0x20000
                [0x0000000000000800]                __DATA_REGION_LENGTH__ = DEFINED (__DATA_REGION_LENGTH__)?__DATA_REGION_LENGTH__:0xffa0
                [0x0000000000000400]                __EEPROM_REGION_LENGTH__ = DEFINED (__EEPROM_REGION_LENGTH__)?__EEPROM_REGION_LENGTH__:0x10000
                [0x0000000000000002]                __FUSE_REGION_LENGTH__ = DEFINED (__FUSE_REGION_LENGTH__)?__FUSE_REGION_LENGTH__:0x400
                0x0000000000000400                __LOCK_REGION_LENGTH__ = DEFINED (__LOCK_REGION_LENGTH__)?__LOCK_REGION_LENGTH__:0x400
                0x0000000000000400                __SIGNATURE_REGION_LENGTH__ = DEFINED (__SIGNATURE_REGION_LENGTH__)?__SIGNATURE_REGION_LENGTH__:0x400
                0x0000000000000400                __USER_SIGNATURE_REGION_LENGTH__ = DEFINED (__USER_SIGNATURE_REGION_LENGTH__)?__USER_SIGNATURE_REGION_LENGTH__:0x400

.hash
 *(.hash)

.dynsym
 *(.dynsym)

.dynstr
 *(.dynstr)

.gnu.version
 *(.gnu.version)

.gnu.version_d
 *(.gnu.version_d)

.gnu.version_r
 *(.gnu.version_r)

.rel.init
 *(.rel.init)

.rela.init
 *(.rela.init)

.rel.text
 *(.rel.text)
 *(.rel.text.*)
 *(.rel.gnu.linkonce.t*)

.rela.text
 *(.rela.text)
 *(.rela.text.*)
 *(.rela.gnu.linkonce.t*)

.rel.fini
 *(.rel.fini)

.rela.fini
 *(.rela.fini)

.rel.rodata
 *(.rel.rodata)
 *(.rel.rodata.*)
 *(.rel.gnu.linkonce.r*)

.rela.rodata
 *(.rela.rodata)
 *(.rela.rodata.*)
 *(.rela.gnu.linkonce.r*)

.rel.data
 *(.rel.data)
 *(.rel.data.*)
 *(.rel.gnu.linkonce.d*)

.rela.data
 *(.rela.data)
 *(.rela.data.*)
 *(.rela.gnu.linkonce.d*)

.rel.ctors
 *(.rel.ctors)

.rela.ctors
 *(.rela.ctors)

.rel.dtors
 *(.rel.dtors)

.rela.dtors
 *(.rela.dtors)

.rel.got
 *(.rel.got)

.rela.got
 *(.rela.got)

.rel.bss
 *(.rel.bss)

.rela.bss
 *(.rela.bss)

.rel.plt
 *(.rel.plt)

.rela.plt
 *(.rela.plt)

.text           0x0000000000000000       0xae
 *(.vectors)
 .vectors       0x0000000000000000       0x54 C:/Program Files (x86)/Atmel/Studio/7.0/Packs/atmel/ATmega_DFP/1.7.374/xc8/avr/lib/avr5/memx-const/crtatmega32.o
                0x0000000000000000                __vector_default
                0x0000000000000000                __vectors
 *(.vectors)
 *(.progmem.gcc*)
 *(.dinit)
 .dinit         0x0000000000000054        0x5 data_init
                0x000000000000005a                . = ALIGN (0x2)
 *fill*         0x0000000000000059        0x1 
                0x000000000000005a                __trampolines_start = .
 *(.trampolines)
 .trampolines   0x000000000000005a        0x0 linker stubs
 *(.trampolines*)
                0x000000000000005a                __trampolines_end = .
 *libprintf_flt.a:*(.progmem.data)
 *libc.a:*(.progmem.data)
                0x000000000000005a                . = ALIGN (0x2)
 *(.jumptables)
 *(.jumptables*)
 *(.lowtext)
 *(.lowtext*)
                0x000000000000005a                __ctors_start = .
 *(.ctors)
                0x000000000000005a                __ctors_end = .
                0x000000000000005a                __dtors_start = .
 *(.dtors)
                0x000000000000005a                __dtors_end = .
 SORT(*)(.ctors)
 SORT(*)(.dtors)
 *(.init0)
 .init0         0x000000000000005a        0x0 C:/Program Files (x86)/Atmel/Studio/7.0/Packs/atmel/ATmega_DFP/1.7.374/xc8/avr/lib/avr5/memx-const/crtatmega32.o
                0x000000000000005a                __init
 *(.init0)
 *(.init1)
 *(.init1)
 *(.init2)
 .init2         0x000000000000005a        0xc C:/Program Files (x86)/Atmel/Studio/7.0/Packs/atmel/ATmega_DFP/1.7.374/xc8/avr/lib/avr5/memx-const/crtatmega32.o
 *(.init2)
 *(.init3)
 *(.init3)
 *(.init4)
 .init4         0x0000000000000066       0x3c c:/program files/microchip/xc8/v2.36/avr/bin/../lib/gcc/avr/5.4.0/avr5/memx-const\libgcc.a(_copy_data.o)
                0x0000000000000066                __do_copy_data
                0x0000000000000094                __do_clear_bss
 *(.init4)
 *(.init5)
 *(.init5)
 *(.init6)
 *(.init6)
 *(.init7)
 *(.init7)
 *(.init8)
 *(.init8)
 *(.init9)
 .init9         0x00000000000000a2        0x8 C:/Program Files (x86)/Atmel/Studio/7.0/Packs/atmel/ATmega_DFP/1.7.374/xc8/avr/lib/avr5/memx-const/crtatmega32.o
 *(.init9)
                0x00000000000000aa                . = ALIGN (0x2)
 *(.fini9)
 .fini9         0x00000000000000aa        0x0 c:/program files/microchip/xc8/v2.36/avr/bin/../lib/gcc/avr/5.4.0/avr5/memx-const\libgcc.a(_exit.o)
                0x00000000000000aa                _exit
 *(.fini9)
 *(.fini8)
 *(.fini8)
 *(.fini7)
 *(.fini7)
 *(.fini6)
 *(.fini6)
 *(.fini5)
 *(.fini5)
 *(.fini4)
 *(.fini4)
 *(.fini3)
 *(.fini3)
 *(.fini2)
 *(.fini2)
 *(.fini1)
 *(.fini1)
 *(.fini0)
 .fini0         0x00000000000000aa        0x4 c:/program files/microchip/xc8/v2.36/avr/bin/../lib/gcc/avr/5.4.0/avr5/memx-const\libgcc.a(_exit.o)
 *(.fini0)
                0x00000000000000ae                _etext = .

.data           0x0000000000800060        0x0 load address 0x00000000000000ae
                [!provide]                        PROVIDE (__data_start, .)
 *(.gnu.linkonce.d*)
 *(.gnu.linkonce.r*)
                0x0000000000800060                . = ALIGN (0x2)
                0x0000000000800060                _edata = .
                [!provide]                        PROVIDE (__data_end, .)

.bss            0x0000000000800060        0x0
                [!provide]                        PROVIDE (__bss_start, .)
 *(COMMON)
                [!provide]                        PROVIDE (__bss_end, .)
                0x00000000000000ae                __data_load_start = LOADADDR (.data)
                0x00000000000000ae                __data_load_end = (__data_load_start + SIZEOF (.data))

.noinit         0x0000000000800060        0x0
                [!provide]                        PROVIDE (__noinit_start, .)
 *(.noinit*)
                [!provide]                        PROVIDE (__noinit_end, .)
                0x0000000000800060                _end = .

.eeprom         0x0000000000810000        0x0
 *(.eeprom*)
                0x0000000000810000                __eeprom_end = .

.fuse
 *(.fuse)
 *(.lfuse)
 *(.hfuse)
 *(.efuse)

.lock
 *(.lock*)

.signature
 *(.signature*)

.user_signatures
 *(.user_signatures*)

.stab
 *(.stab)

.stabstr
 *(.stabstr)

.stab.excl
 *(.stab.excl)

.stab.exclstr
 *(.stab.exclstr)

.stab.index
 *(.stab.index)

.stab.indexstr
 *(.stab.indexstr)

.comment        0x0000000000000000       0x2f
 *(.comment)
 .comment       0x0000000000000000       0x2f DIO_program.o
                                         0x30 (size before relaxing)
 .comment       0x000000000000002f       0x30 EXTI_program.o
 .comment       0x000000000000002f       0x30 LCD_program.o
 .comment       0x000000000000002f       0x30 main.o
 .comment       0x000000000000002f       0x30 SPI_prog.o
 .comment       0x000000000000002f       0x30 Timer_prog.o
 .comment       0x000000000000002f       0x30 UART_prog.o
 .comment       0x000000000000002f       0x30 c:/program files/microchip/xc8/v2.36/avr/bin/../lib/gcc/avr/5.4.0/../../../../avr/lib/avr5/memx-const\libc.a(exit.o)
 .comment       0x000000000000002f       0x30 c:/program files/microchip/xc8/v2.36/avr/bin/../lib/gcc/avr/5.4.0/../../../../avr/lib/avr5/memx-const\libc.a(_Exit.o)

.note.GNU-stack
                0x0000000000000000        0x0
 .note.GNU-stack
                0x0000000000000000        0x0 c:/program files/microchip/xc8/v2.36/avr/bin/../lib/gcc/avr/5.4.0/../../../../avr/lib/avr5/memx-const\libc.a(exit.o)
 .note.GNU-stack
                0x0000000000000000        0x0 c:/program files/microchip/xc8/v2.36/avr/bin/../lib/gcc/avr/5.4.0/../../../../avr/lib/avr5/memx-const\libc.a(_Exit.o)

.stack.descriptors.hdr
                0x0000000000000000        0xe
 .stack.descriptors.hdr
                0x0000000000000000        0xe c:/program files/microchip/xc8/v2.36/avr/bin/../lib/gcc/avr/5.4.0/avr5/memx-const\libgcc.a(_exit.o)

.note.gnu.build-id
 *(.note.gnu.build-id)

.debug
 *(.debug)

.line
 *(.line)

.debug_srcinfo
 *(.debug_srcinfo)

.debug_sfnames
 *(.debug_sfnames)

.debug_aranges  0x0000000000000000      0x198
 *(.debug_aranges)
 .debug_aranges
                0x0000000000000000       0x40 DIO_program.o
 .debug_aranges
                0x0000000000000040       0x50 EXTI_program.o
 .debug_aranges
                0x0000000000000090       0x58 LCD_program.o
 .debug_aranges
                0x00000000000000e8       0x20 main.o
 .debug_aranges
                0x0000000000000108       0x38 SPI_prog.o
 .debug_aranges
                0x0000000000000140       0x28 Timer_prog.o
 .debug_aranges
                0x0000000000000168       0x30 UART_prog.o

.debug_pubnames
 *(.debug_pubnames)

.debug_info     0x0000000000000000     0x21dc
 *(.debug_info .gnu.linkonce.wi.*)
 .debug_info    0x0000000000000000      0x4e6 C:/Program Files (x86)/Atmel/Studio/7.0/Packs/atmel/ATmega_DFP/1.7.374/xc8/avr/lib/avr5/memx-const/crtatmega32.o
 .debug_info    0x00000000000004e6      0x3f7 DIO_program.o
 .debug_info    0x00000000000008dd      0x39f EXTI_program.o
 .debug_info    0x0000000000000c7c      0x8a6 LCD_program.o
 .debug_info    0x0000000000001522      0x30b main.o
 .debug_info    0x000000000000182d      0x3e1 SPI_prog.o
 .debug_info    0x0000000000001c0e      0x306 Timer_prog.o
 .debug_info    0x0000000000001f14      0x2c8 UART_prog.o

.debug_abbrev   0x0000000000000000      0x9a6
 *(.debug_abbrev)
 .debug_abbrev  0x0000000000000000      0x4a3 C:/Program Files (x86)/Atmel/Studio/7.0/Packs/atmel/ATmega_DFP/1.7.374/xc8/avr/lib/avr5/memx-const/crtatmega32.o
 .debug_abbrev  0x00000000000004a3       0xb8 DIO_program.o
 .debug_abbrev  0x000000000000055b       0xa6 EXTI_program.o
 .debug_abbrev  0x0000000000000601      0x174 LCD_program.o
 .debug_abbrev  0x0000000000000775       0x92 main.o
 .debug_abbrev  0x0000000000000807       0xa7 SPI_prog.o
 .debug_abbrev  0x00000000000008ae       0x6f Timer_prog.o
 .debug_abbrev  0x000000000000091d       0x89 UART_prog.o

.debug_line     0x0000000000000000      0xa30
 *(.debug_line .debug_line.* .debug_line_end)
 .debug_line    0x0000000000000000      0x119 C:/Program Files (x86)/Atmel/Studio/7.0/Packs/atmel/ATmega_DFP/1.7.374/xc8/avr/lib/avr5/memx-const/crtatmega32.o
 .debug_line    0x0000000000000119      0x1ca DIO_program.o
 .debug_line    0x00000000000002e3       0xf3 EXTI_program.o
 .debug_line    0x00000000000003d6      0x2ea LCD_program.o
 .debug_line    0x00000000000006c0       0x9e main.o
 .debug_line    0x000000000000075e      0x116 SPI_prog.o
 .debug_line    0x0000000000000874       0xe9 Timer_prog.o
 .debug_line    0x000000000000095d       0xd3 UART_prog.o

.debug_frame    0x0000000000000000      0x310
 *(.debug_frame)
 .debug_frame   0x0000000000000000       0x64 DIO_program.o
 .debug_frame   0x0000000000000064       0xcc EXTI_program.o
 .debug_frame   0x0000000000000130       0xe4 LCD_program.o
 .debug_frame   0x0000000000000214       0x24 main.o
 .debug_frame   0x0000000000000238       0x54 SPI_prog.o
 .debug_frame   0x000000000000028c       0x40 Timer_prog.o
 .debug_frame   0x00000000000002cc       0x44 UART_prog.o

.debug_str      0x0000000000000000      0x24b
 *(.debug_str)
 .debug_str     0x0000000000000000      0x196 C:/Program Files (x86)/Atmel/Studio/7.0/Packs/atmel/ATmega_DFP/1.7.374/xc8/avr/lib/avr5/memx-const/crtatmega32.o
 .debug_str     0x0000000000000196       0x11 DIO_program.o
 .debug_str     0x00000000000001a7        0x0 EXTI_program.o
 .debug_str     0x00000000000001a7       0x5a LCD_program.o
 .debug_str     0x0000000000000201       0x32 main.o
 .debug_str     0x0000000000000233       0x18 SPI_prog.o
 .debug_str     0x000000000000024b        0x0 Timer_prog.o
 .debug_str     0x000000000000024b        0x0 UART_prog.o

.debug_loc      0x0000000000000000      0x814
 *(.debug_loc)
 .debug_loc     0x0000000000000000      0x2d7 DIO_program.o
 .debug_loc     0x00000000000002d7       0xcb EXTI_program.o
 .debug_loc     0x00000000000003a2      0x443 LCD_program.o
 .debug_loc     0x00000000000007e5       0x2f Timer_prog.o

.debug_macinfo
 *(.debug_macinfo)

.debug_weaknames
 *(.debug_weaknames)

.debug_funcnames
 *(.debug_funcnames)

.debug_typenames
 *(.debug_typenames)

.debug_varnames
 *(.debug_varnames)

.debug_pubtypes
 *(.debug_pubtypes)

.debug_ranges   0x0000000000000000      0x128
 *(.debug_ranges)
 .debug_ranges  0x0000000000000000       0x30 DIO_program.o
 .debug_ranges  0x0000000000000030       0x40 EXTI_program.o
 .debug_ranges  0x0000000000000070       0x48 LCD_program.o
 .debug_ranges  0x00000000000000b8       0x10 main.o
 .debug_ranges  0x00000000000000c8       0x28 SPI_prog.o
 .debug_ranges  0x00000000000000f0       0x18 Timer_prog.o
 .debug_ranges  0x0000000000000108       0x20 UART_prog.o

.debug_macro
 *(.debug_macro)
OUTPUT(MC2_SPI_Slave.elf elf32-avr)
LOAD linker stubs
LOAD data_init

.note.gnu.avr.deviceinfo
                0x0000000000000000       0x3c
 .note.gnu.avr.deviceinfo
                0x0000000000000000       0x3c C:/Program Files (x86)/Atmel/Studio/7.0/Packs/atmel/ATmega_DFP/1.7.374/xc8/avr/lib/avr5/memx-const/crtatmega32.o

.bss.EXTI0_CallBack
                0x0000000000800060        0x2
 .bss.EXTI0_CallBack
                0x0000000000800060        0x2 EXTI_program.o

.text.DIO_voidSetPinDirection
                0x00000000000000ae       0xec
 .text.DIO_voidSetPinDirection
                0x00000000000000ae       0xec DIO_program.o
                0x00000000000000ae                DIO_voidSetPinDirection

.text.DIO_voidSetPinValue
                0x000000000000019a       0xec
 .text.DIO_voidSetPinValue
                0x000000000000019a       0xec DIO_program.o
                0x000000000000019a                DIO_voidSetPinValue

.text.LCD_voidInit
                0x0000000000000286       0x52
 .text.LCD_voidInit
                0x0000000000000286       0x52 LCD_program.o
                0x0000000000000286                LCD_voidInit

.text.LCD_voidSendCMD
                0x00000000000002d8       0x50
 .text.LCD_voidSendCMD
                0x00000000000002d8       0x50 LCD_program.o
                0x00000000000002d8                LCD_voidSendCMD

.text.__vector_1
                0x0000000000000328       0x4e
 .text.__vector_1
                0x0000000000000328       0x4e EXTI_program.o
                0x0000000000000328                __vector_1

.text.UART_Init
                0x0000000000000376       0x3e
 .text.UART_Init
                0x0000000000000376       0x3e UART_prog.o
                0x0000000000000376                UART_Init

.text.SPI_initSlave
                0x00000000000003b4       0x3c
 .text.SPI_initSlave
                0x00000000000003b4       0x3c SPI_prog.o
                0x00000000000003b4                SPI_initSlave

.text.DIO_voidSetPortValue
                0x00000000000003f0       0x24
 .text.DIO_voidSetPortValue
                0x00000000000003f0       0x24 DIO_program.o
                0x00000000000003f0                DIO_voidSetPortValue

.text.DIO_voidSetPortDirection
                0x0000000000000414       0x24
 .text.DIO_voidSetPortDirection
                0x0000000000000414       0x24 DIO_program.o
                0x0000000000000414                DIO_voidSetPortDirection

.text.exit      0x0000000000000438       0x16
 .text.exit     0x0000000000000438       0x16 c:/program files/microchip/xc8/v2.36/avr/bin/../lib/gcc/avr/5.4.0/../../../../avr/lib/avr5/memx-const\libc.a(exit.o)
                0x0000000000000438                exit

.text.main      0x000000000000044e       0x14
 .text.main     0x000000000000044e       0x14 main.o
                0x000000000000044e                main

.text.__vector_11
                0x0000000000000462       0x14
 .text.__vector_11
                0x0000000000000462       0x14 Timer_prog.o
                0x0000000000000462                __vector_11

.text.SPI_sendByte
                0x0000000000000476        0x8
 .text.SPI_sendByte
                0x0000000000000476        0x8 SPI_prog.o
                0x0000000000000476                SPI_sendByte

.text           0x000000000000047e        0x4
 .text          0x000000000000047e        0x4 C:/Program Files (x86)/Atmel/Studio/7.0/Packs/atmel/ATmega_DFP/1.7.374/xc8/avr/lib/avr5/memx-const/crtatmega32.o
                0x000000000000047e                __vector_12
                0x000000000000047e                __bad_interrupt
                0x000000000000047e                __vector_6
                0x000000000000047e                __vector_3
                0x000000000000047e                __vector_13
                0x000000000000047e                __vector_17
                0x000000000000047e                __vector_19
                0x000000000000047e                __vector_7
                0x000000000000047e                __vector_5
                0x000000000000047e                __vector_4
                0x000000000000047e                __vector_9
                0x000000000000047e                __vector_2
                0x000000000000047e                __vector_15
                0x000000000000047e                __vector_8
                0x000000000000047e                __vector_14
                0x000000000000047e                __vector_10
                0x000000000000047e                __vector_16
                0x000000000000047e                __vector_18
                0x000000000000047e                __vector_20

.text._Exit     0x0000000000000482        0x4
 .text._Exit    0x0000000000000482        0x4 c:/program files/microchip/xc8/v2.36/avr/bin/../lib/gcc/avr/5.4.0/../../../../avr/lib/avr5/memx-const\libc.a(_Exit.o)
                0x0000000000000482                _Exit

.text.__dummy_fini
                0x0000000000000486        0x2
 .text.__dummy_fini
                0x0000000000000486        0x2 c:/program files/microchip/xc8/v2.36/avr/bin/../lib/gcc/avr/5.4.0/../../../../avr/lib/avr5/memx-const\libc.a(exit.o)
                0x0000000000000486                _fini

.text.__dummy_funcs_on_exit
                0x0000000000000488        0x2
 .text.__dummy_funcs_on_exit
                0x0000000000000488        0x2 c:/program files/microchip/xc8/v2.36/avr/bin/../lib/gcc/avr/5.4.0/../../../../avr/lib/avr5/memx-const\libc.a(exit.o)
                0x0000000000000488                __funcs_on_exit

.text.__dummy_simulator_exit
                0x000000000000048a        0x2
 .text.__dummy_simulator_exit
                0x000000000000048a        0x2 c:/program files/microchip/xc8/v2.36/avr/bin/../lib/gcc/avr/5.4.0/../../../../avr/lib/avr5/memx-const\libc.a(exit.o)
                0x000000000000048a                __simulator_exit
